// Jest Snapshot v1, https://goo.gl/fbAQLP

exports[`should render a heading 1`] = `"<h1 class=\\"heading heading--h1\\">add movie</h1>"`;
